<html>
<body>
<pre>
<h1>礦ision Build Log</h1>
<h2>Tool Versions:</h2>
IDE-Version: μVision V5.34.0.0
Copyright (C) 2021 ARM Ltd and ARM Germany GmbH. All rights reserved.
License Information: DASADAD a'su's, ASDSDASD, LIC=CZLZX-HPLF8-PC1J8-3M95U-5QI6J-HI06U
 
Tool Versions:
Toolchain:       MDK-ARM Plus  Version: 5.34.0.0
Toolchain Path:  D:\MDK\ARM\ARMCC\Bin
C Compiler:      Armcc.exe V5.06 update 7 (build 960)
Assembler:       Armasm.exe V5.06 update 7 (build 960)
Linker/Locator:  ArmLink.exe V5.06 update 7 (build 960)
Library Manager: ArmAr.exe V5.06 update 7 (build 960)
Hex Converter:   FromElf.exe V5.06 update 7 (build 960)
CPU DLL:         SARMCM3.DLL V5.34.0.0
Dialog DLL:      DARMSTM.DLL V1.68.0.0 
<h2>Project:</h2>
C:\Users\a'su's\Desktop\STM32学习\学习流程\Project1\YT32B1_STM32F103_demo.uvproj
Project File Date:  10/02/2022

<h2>Output:</h2>
*** Using Compiler 'V5.06 update 7 (build 960)', folder: 'D:\MDK\ARM\ARMCC\Bin'
Rebuild target 'Target 1'
compiling core_cm3.c...
compiling misc.c...
compiling stm32f10x_bkp.c...
compiling stm32f10x_gpio.c...
compiling system_stm32f10x.c...
compiling stm32f10x_rcc.c...
compiling stm32f10x_usart.c...
assembling startup_stm32f10x_md.s...
compiling stm32f10x_pwr.c...
compiling stm32f10x_rtc.c...
compiling stm32f10x_it.c...
compiling main.c...
.\Hardware\FLASH\flash.h(9): warning:  #1-D: last line of file ends without a newline
  #endif 
.\Hardware\BUZZER\buzzer.h(14): warning:  #1-D: last line of file ends without a newline
  #endif
User\main.c: 2 warnings, 0 errors
compiling delay.c...
compiling stm32f10x_flash.c...
compiling sys.c...
compiling usart.c...
Hardware\USART\usart.c(1): warning:  #1-D: last line of file ends without a newline
  #include "usart.h"
Hardware\USART\usart.c: 1 warning, 0 errors
compiling led.c...
compiling key.c...
compiling flash.c...
Hardware\FLASH\flash.h(9): warning:  #1-D: last line of file ends without a newline
  #endif 
Hardware\FLASH\flash.c(17): warning:  #1-D: last line of file ends without a newline
  }
Hardware\FLASH\flash.c: 2 warnings, 0 errors
compiling buzzer.c...
Hardware\BUZZER\buzzer.h(14): warning:  #1-D: last line of file ends without a newline
  #endif
Hardware\BUZZER\buzzer.c(91): warning:  #1-D: last line of file ends without a newline
  }
Hardware\BUZZER\buzzer.c: 2 warnings, 0 errors
linking...
Program Size: Code=4930 RO-data=426 RW-data=40 ZI-data=1632  
FromELF: creating hex file...
".\YT32B1_STM32F103_demo.axf" - 0 Error(s), 7 Warning(s).
Build Time Elapsed:  00:00:02
</pre>
</body>
</html>
