<html>
<body>
<pre>
<h1>礦ision Build Log</h1>
<h2>Tool Versions:</h2>
IDE-Version: μVision V5.34.0.0
Copyright (C) 2021 ARM Ltd and ARM Germany GmbH. All rights reserved.
License Information: DASADAD a'su's, ASDSDASD, LIC=CZLZX-HPLF8-PC1J8-3M95U-5QI6J-HI06U
 
Tool Versions:
Toolchain:       MDK-ARM Plus  Version: 5.34.0.0
Toolchain Path:  D:\MDK\ARM\ARMCC\Bin
C Compiler:      Armcc.exe V5.06 update 7 (build 960)
Assembler:       Armasm.exe V5.06 update 7 (build 960)
Linker/Locator:  ArmLink.exe V5.06 update 7 (build 960)
Library Manager: ArmAr.exe V5.06 update 7 (build 960)
Hex Converter:   FromElf.exe V5.06 update 7 (build 960)
CPU DLL:         SARMCM3.DLL V5.34.0.0
Dialog DLL:      DCM.DLL V1.17.3.0
Target DLL:      UL2CM3.DLL V1.163.9.0
Dialog DLL:      TCM.DLL V1.48.0.0
 
<h2>Project:</h2>
D:\CodeExercise\shu_project\STM32学习\学习流程\测试\Project1.uvprojx
Project File Date:  12/04/2022

<h2>Output:</h2>
*** Using Compiler 'V5.06 update 7 (build 960)', folder: 'D:\MDK\ARM\ARMCC\Bin'
Rebuild target 'Target 1'
compiling core_cm3.c...
compiling misc.c...
compiling stm32f10x_bkp.c...
compiling system_stm32f10x.c...
compiling stm32f10x_cec.c...
compiling stm32f10x_adc.c...
compiling stm32f10x_can.c...
compiling stm32f10x_crc.c...
compiling stm32f10x_dac.c...
compiling stm32f10x_dbgmcu.c...
compiling stm32f10x_exti.c...
compiling stm32f10x_dma.c...
compiling stm32f10x_flash.c...
compiling stm32f10x_fsmc.c...
compiling stm32f10x_gpio.c...
compiling stm32f10x_i2c.c...
compiling stm32f10x_iwdg.c...
compiling stm32f10x_pwr.c...
compiling stm32f10x_rtc.c...
compiling stm32f10x_sdio.c...
compiling stm32f10x_rcc.c...
assembling startup_stm32f10x_md.s...
compiling stm32f10x_spi.c...
compiling stm32f10x_usart.c...
compiling stm32f10x_wwdg.c...
compiling stm32f10x_tim.c...
compiling stm32f10x_it.c...
compiling main.c...
.\Hardware\led\led.h(13): warning:  #1-D: last line of file ends without a newline
  #endif
.\Hardware\key\key.h(11): warning:  #1-D: last line of file ends without a newline
  #endif
.\Hardware\buzzer\buzzer.h(13): warning:  #1-D: last line of file ends without a newline
  #endif
.\Hardware\touch_key\touch_key.h(14): warning:  #1-D: last line of file ends without a newline
  #endif
.\Hardware\encooder\encooder.h(16): warning:  #1-D: last line of file ends without a newline
  #endif
.\Hardware\lm75a\lm75a.h(11): warning:  #1-D: last line of file ends without a newline
  #endif
.\Hardware\oled\oled.h(22): warning:  #1-D: last line of file ends without a newline
  #endif
.\Hardware\relay\relay.h(14): warning:  #1-D: last line of file ends without a newline
  #endif
.\Hardware\stepmotor\stepmotor.h(21): warning:  #1-D: last line of file ends without a newline
  #endif
.\Basic\adc\adc.h(18): warning:  #1-D: last line of file ends without a newline
  #endif
.\Hardware\my1690\my1690.h(27): warning:  #1-D: last line of file ends without a newline
  #endif
User\main.c: 11 warnings, 0 errors
compiling led.c...
Hardware\led\led.h(13): warning:  #1-D: last line of file ends without a newline
  #endif
Hardware\led\led.c(42): warning:  #1-D: last line of file ends without a newline
  }
Hardware\led\led.c: 2 warnings, 0 errors
compiling key.c...
Hardware\key\key.h(11): warning:  #1-D: last line of file ends without a newline
  #endif
Hardware\key\key.c(10): warning:  #1-D: last line of file ends without a newline
  }
Hardware\key\key.c: 2 warnings, 0 errors
compiling buzzer.c...
Hardware\buzzer\buzzer.h(13): warning:  #1-D: last line of file ends without a newline
  #endif
Hardware\buzzer\buzzer.c(30): warning:  #1-D: last line of file ends without a newline
  }
Hardware\buzzer\buzzer.c: 2 warnings, 0 errors
compiling touch_key.c...
Hardware\touch_key\touch_key.h(14): warning:  #1-D: last line of file ends without a newline
  #endif
Hardware\touch_key\touch_key.c(11): warning:  #1-D: last line of file ends without a newline
  }
Hardware\touch_key\touch_key.c: 2 warnings, 0 errors
compiling encooder.c...
Hardware\encooder\encooder.h(16): warning:  #1-D: last line of file ends without a newline
  #endif
Hardware\encooder\encooder.c: 1 warning, 0 errors
compiling lm75a.c...
Hardware\lm75a\lm75a.h(11): warning:  #1-D: last line of file ends without a newline
  #endif
Hardware\lm75a\lm75a.c(44): warning:  #1-D: last line of file ends without a newline
  }
Hardware\lm75a\lm75a.c: 2 warnings, 0 errors
compiling oled.c...
Hardware\oled\oled.h(22): warning:  #1-D: last line of file ends without a newline
  #endif
Hardware\oled\oled.c(95): warning:  #1-D: last line of file ends without a newline
  }
Hardware\oled\oled.c: 2 warnings, 0 errors
compiling relay.c...
Hardware\relay\relay.h(14): warning:  #1-D: last line of file ends without a newline
  #endif
Hardware\relay\relay.c(29): warning:  #1-D: last line of file ends without a newline
  }
Hardware\relay\relay.c: 2 warnings, 0 errors
compiling stepmotor.c...
Hardware\stepmotor\stepmotor.h(21): warning:  #1-D: last line of file ends without a newline
  #endif
Hardware\stepmotor\stepmotor.c(139): warning:  #1-D: last line of file ends without a newline
  }
Hardware\stepmotor\stepmotor.c: 2 warnings, 0 errors
compiling my1690.c...
Hardware\my1690\my1690.h(27): warning:  #1-D: last line of file ends without a newline
  #endif
Hardware\my1690\my1690.c(93): warning:  #1-D: last line of file ends without a newline
  }
Hardware\my1690\my1690.c(93): warning:  #940-D: missing return statement at end of non-void function "MY1690_CHECK" 
  }
Hardware\my1690\my1690.c: 3 warnings, 0 errors
compiling sys.c...
compiling delay.c...
compiling flash.c...
compiling rtc.c...
compiling usart.c...
Basic\usart\usart.c(23): warning:  #940-D: missing return statement at end of non-void function "_sys_exit" 
  } 
Basic\usart\usart.c: 1 warning, 0 errors
compiling TM1640.c...
compiling adc.c...
Basic\adc\adc.h(18): warning:  #1-D: last line of file ends without a newline
  #endif
Basic\adc\adc.c(58): warning:  #1-D: last line of file ends without a newline
  }
Basic\adc\adc.c: 2 warnings, 0 errors
compiling i2c.c...
linking...
Program Size: Code=17068 RO-data=3500 RW-data=44 ZI-data=1636  
FromELF: creating hex file...
".\Project1.axf" - 0 Error(s), 34 Warning(s).

<h2>Software Packages used:</h2>

Package Vendor: Keil
                http://www.keil.com/pack/Keil.STM32F1xx_DFP.2.4.0.pack
                Keil.STM32F1xx_DFP.2.4.0
                STMicroelectronics STM32F1 Series Device Support, Drivers and Examples

<h2>Collection of Component include folders:</h2>
  D:\MDK\Arm\Packs\Keil\STM32F1xx_DFP\2.4.0\Device\Include

<h2>Collection of Component Files used:</h2>
Build Time Elapsed:  00:00:03
</pre>
</body>
</html>
